[12/6/2016, 6:06:54 PM] layer "客服热线：400-6565-739 业务咨询：BD@yunzhanghu.com 客服 QQ :  4006565739 技术": Expected end of input but "\u5BA2" found.
